Scanned
Parsed
Fatal error: exception Exceptions.InvalidArgumentsToFunction("circleset_radius is supplied with wrong args")
